1>2>Cantidad hospitales: 1
Cupos hospitales: 1 
Cantidad estudiantes: 1
Preferencias hospitales
Preferencias hospital h0: 0 
Preferencias estudiantes
Preferencias estudiante e0: 0 
3>4>(0, 0) 
5>Fin.
