1>2>Cantidad hospitales: 3
Cupos hospitales: 1 1 2 
Cantidad estudiantes: 5
Preferencias hospitales
Preferencias hospital h0: 0 1 2 3 4 
Preferencias hospital h1: 3 4 0 2 1 
Preferencias hospital h2: 4 3 2 0 1 
Preferencias estudiantes
Preferencias estudiante e0: 0 1 2 
Preferencias estudiante e1: 2 1 0 
Preferencias estudiante e2: 1 0 2 
Preferencias estudiante e3: 1 0 2 
Preferencias estudiante e4: 2 0 1 
3>4>(0, 0) (1, libre) (2, 2) (3, 1) (4, 2) 
5>Fin.
